2026-07-14 23:01:29.953 | INFO     | app.services.lead_service:create_lead:27 - Created lead with id: %s
2026-07-14 23:01:29.963 | INFO     | app.services.lead_service:create_lead:27 - Created lead with id: %s
2026-07-14 23:01:29.965 | INFO     | app.services.lead_service:update_lead:40 - Updated lead with id: %s
2026-07-14 23:01:29.967 | INFO     | app.services.lead_service:delete_lead:51 - Deleted lead with id: %s
2026-07-14 23:01:29.968 | WARNING  | app.services.lead_service:get_lead:58 - Lead lookup failed for id: %s
2026-07-14 23:01:29.976 | INFO     | app.services.lead_service:create_lead:27 - Created lead with id: %s
2026-07-14 23:01:29.977 | INFO     | app.services.lead_service:create_lead:27 - Created lead with id: %s
2026-07-14 23:01:29.979 | INFO     | app.services.lead_service:favorite_lead:101 - Favorited lead with id: %s
2026-07-14 23:01:29.982 | INFO     | app.services.lead_service:list_leads:68 - Listed %s leads with page=%s size=%s
2026-07-14 23:01:30.049 | INFO     | app.services.lead_service:create_lead:27 - Created lead with id: %s
2026-07-14 23:01:30.050 | INFO     | app.services.lead_service:create_lead:27 - Created lead with id: %s
2026-07-14 23:01:30.053 | INFO     | app.services.lead_service:search_leads:84 - Searched leads with term '%s'
2026-07-14 23:01:49.827 | INFO     | app.services.lead_service:create_lead:27 - Created lead with id: %s
2026-07-14 23:01:49.836 | INFO     | app.services.lead_service:create_lead:27 - Created lead with id: %s
2026-07-14 23:01:49.839 | INFO     | app.services.lead_service:update_lead:40 - Updated lead with id: %s
2026-07-14 23:01:49.840 | INFO     | app.services.lead_service:delete_lead:51 - Deleted lead with id: %s
2026-07-14 23:01:49.840 | WARNING  | app.services.lead_service:get_lead:58 - Lead lookup failed for id: %s
2026-07-14 23:01:49.847 | INFO     | app.services.lead_service:create_lead:27 - Created lead with id: %s
2026-07-14 23:01:49.848 | INFO     | app.services.lead_service:create_lead:27 - Created lead with id: %s
2026-07-14 23:01:49.850 | INFO     | app.services.lead_service:favorite_lead:101 - Favorited lead with id: %s
2026-07-14 23:01:49.854 | INFO     | app.services.lead_service:list_leads:68 - Listed %s leads with page=%s size=%s
2026-07-14 23:01:49.862 | INFO     | app.services.lead_service:create_lead:27 - Created lead with id: %s
2026-07-14 23:01:49.863 | INFO     | app.services.lead_service:create_lead:27 - Created lead with id: %s
2026-07-14 23:01:49.865 | INFO     | app.services.lead_service:search_leads:84 - Searched leads with term '%s'
2026-07-14 23:05:06.346 | INFO     | app.services.lead_service:create_lead:27 - Created lead with id: %s
2026-07-14 23:05:06.362 | INFO     | app.services.lead_service:create_lead:27 - Created lead with id: %s
2026-07-14 23:05:06.367 | INFO     | app.services.lead_service:update_lead:40 - Updated lead with id: %s
2026-07-14 23:05:06.369 | INFO     | app.services.lead_service:delete_lead:51 - Deleted lead with id: %s
2026-07-14 23:05:06.369 | WARNING  | app.services.lead_service:get_lead:58 - Lead lookup failed for id: %s
2026-07-14 23:05:06.377 | INFO     | app.services.lead_service:create_lead:27 - Created lead with id: %s
2026-07-14 23:05:06.378 | INFO     | app.services.lead_service:create_lead:27 - Created lead with id: %s
2026-07-14 23:05:06.381 | INFO     | app.services.lead_service:favorite_lead:101 - Favorited lead with id: %s
2026-07-14 23:05:06.385 | INFO     | app.services.lead_service:list_leads:68 - Listed %s leads with page=%s size=%s
2026-07-14 23:05:06.392 | INFO     | app.services.lead_service:create_lead:27 - Created lead with id: %s
2026-07-14 23:05:06.394 | INFO     | app.services.lead_service:create_lead:27 - Created lead with id: %s
2026-07-14 23:05:06.397 | INFO     | app.services.lead_service:search_leads:84 - Searched leads with term '%s'
2026-07-14 23:05:20.324 | INFO     | app.services.osm_service:search_companies:61 - OSM search completed for %s/%s/%s with %s saved and %s duplicates
2026-07-14 23:05:20.442 | INFO     | app.services.lead_service:create_lead:27 - Created lead with id: %s
2026-07-14 23:05:20.456 | INFO     | app.services.lead_service:create_lead:27 - Created lead with id: %s
2026-07-14 23:05:20.461 | INFO     | app.services.lead_service:update_lead:40 - Updated lead with id: %s
2026-07-14 23:05:20.465 | INFO     | app.services.lead_service:delete_lead:51 - Deleted lead with id: %s
2026-07-14 23:05:20.466 | WARNING  | app.services.lead_service:get_lead:58 - Lead lookup failed for id: %s
2026-07-14 23:05:20.479 | INFO     | app.services.lead_service:create_lead:27 - Created lead with id: %s
2026-07-14 23:05:20.481 | INFO     | app.services.lead_service:create_lead:27 - Created lead with id: %s
2026-07-14 23:05:20.483 | INFO     | app.services.lead_service:favorite_lead:101 - Favorited lead with id: %s
2026-07-14 23:05:20.489 | INFO     | app.services.lead_service:list_leads:68 - Listed %s leads with page=%s size=%s
2026-07-14 23:05:20.501 | INFO     | app.services.lead_service:create_lead:27 - Created lead with id: %s
2026-07-14 23:05:20.503 | INFO     | app.services.lead_service:create_lead:27 - Created lead with id: %s
2026-07-14 23:05:20.507 | INFO     | app.services.lead_service:search_leads:84 - Searched leads with term '%s'
2026-07-14 23:05:39.036 | INFO     | app.services.osm_service:search_companies:67 - OSM search completed for %s/%s/%s with %s saved and %s duplicates
2026-07-14 23:05:39.097 | INFO     | app.services.lead_service:create_lead:27 - Created lead with id: %s
2026-07-14 23:05:39.107 | INFO     | app.services.lead_service:create_lead:27 - Created lead with id: %s
2026-07-14 23:05:39.111 | INFO     | app.services.lead_service:update_lead:40 - Updated lead with id: %s
2026-07-14 23:05:39.112 | INFO     | app.services.lead_service:delete_lead:51 - Deleted lead with id: %s
2026-07-14 23:05:39.113 | WARNING  | app.services.lead_service:get_lead:58 - Lead lookup failed for id: %s
2026-07-14 23:05:39.121 | INFO     | app.services.lead_service:create_lead:27 - Created lead with id: %s
2026-07-14 23:05:39.122 | INFO     | app.services.lead_service:create_lead:27 - Created lead with id: %s
2026-07-14 23:05:39.125 | INFO     | app.services.lead_service:favorite_lead:101 - Favorited lead with id: %s
2026-07-14 23:05:39.128 | INFO     | app.services.lead_service:list_leads:68 - Listed %s leads with page=%s size=%s
2026-07-14 23:05:39.139 | INFO     | app.services.lead_service:create_lead:27 - Created lead with id: %s
2026-07-14 23:05:39.141 | INFO     | app.services.lead_service:create_lead:27 - Created lead with id: %s
2026-07-14 23:05:39.144 | INFO     | app.services.lead_service:search_leads:84 - Searched leads with term '%s'
2026-07-14 23:05:46.653 | INFO     | app.services.osm_service:search_companies:67 - OSM search completed for %s/%s/%s with %s saved and %s duplicates
2026-07-14 23:05:46.724 | INFO     | app.services.lead_service:create_lead:27 - Created lead with id: %s
2026-07-14 23:05:46.736 | INFO     | app.services.lead_service:create_lead:27 - Created lead with id: %s
2026-07-14 23:05:46.739 | INFO     | app.services.lead_service:update_lead:40 - Updated lead with id: %s
2026-07-14 23:05:46.741 | INFO     | app.services.lead_service:delete_lead:51 - Deleted lead with id: %s
2026-07-14 23:05:46.741 | WARNING  | app.services.lead_service:get_lead:58 - Lead lookup failed for id: %s
2026-07-14 23:05:46.749 | INFO     | app.services.lead_service:create_lead:27 - Created lead with id: %s
2026-07-14 23:05:46.750 | INFO     | app.services.lead_service:create_lead:27 - Created lead with id: %s
2026-07-14 23:05:46.753 | INFO     | app.services.lead_service:favorite_lead:101 - Favorited lead with id: %s
2026-07-14 23:05:46.755 | INFO     | app.services.lead_service:list_leads:68 - Listed %s leads with page=%s size=%s
2026-07-14 23:05:46.770 | INFO     | app.services.lead_service:create_lead:27 - Created lead with id: %s
2026-07-14 23:05:46.772 | INFO     | app.services.lead_service:create_lead:27 - Created lead with id: %s
2026-07-14 23:05:46.774 | INFO     | app.services.lead_service:search_leads:84 - Searched leads with term '%s'
2026-07-14 23:05:54.156 | INFO     | app.services.osm_service:search_companies:67 - OSM search completed for %s/%s/%s with %s saved and %s duplicates
2026-07-14 23:05:54.218 | INFO     | app.services.lead_service:create_lead:27 - Created lead with id: %s
2026-07-14 23:05:54.227 | INFO     | app.services.lead_service:create_lead:27 - Created lead with id: %s
2026-07-14 23:05:54.232 | INFO     | app.services.lead_service:update_lead:40 - Updated lead with id: %s
2026-07-14 23:05:54.234 | INFO     | app.services.lead_service:delete_lead:51 - Deleted lead with id: %s
2026-07-14 23:05:54.234 | WARNING  | app.services.lead_service:get_lead:58 - Lead lookup failed for id: %s
2026-07-14 23:05:54.243 | INFO     | app.services.lead_service:create_lead:27 - Created lead with id: %s
2026-07-14 23:05:54.244 | INFO     | app.services.lead_service:create_lead:27 - Created lead with id: %s
2026-07-14 23:05:54.245 | INFO     | app.services.lead_service:favorite_lead:101 - Favorited lead with id: %s
2026-07-14 23:05:54.248 | INFO     | app.services.lead_service:list_leads:68 - Listed %s leads with page=%s size=%s
2026-07-14 23:05:54.260 | INFO     | app.services.lead_service:create_lead:27 - Created lead with id: %s
2026-07-14 23:05:54.261 | INFO     | app.services.lead_service:create_lead:27 - Created lead with id: %s
2026-07-14 23:05:54.265 | INFO     | app.services.lead_service:search_leads:84 - Searched leads with term '%s'
2026-07-14 23:06:03.101 | INFO     | app.services.osm_service:search_companies:67 - OSM search completed for %s/%s/%s with %s saved and %s duplicates
2026-07-14 23:06:03.201 | INFO     | app.services.lead_service:create_lead:27 - Created lead with id: %s
2026-07-14 23:06:03.211 | INFO     | app.services.lead_service:create_lead:27 - Created lead with id: %s
2026-07-14 23:06:03.217 | INFO     | app.services.lead_service:update_lead:40 - Updated lead with id: %s
2026-07-14 23:06:03.219 | INFO     | app.services.lead_service:delete_lead:51 - Deleted lead with id: %s
2026-07-14 23:06:03.220 | WARNING  | app.services.lead_service:get_lead:58 - Lead lookup failed for id: %s
2026-07-14 23:06:03.229 | INFO     | app.services.lead_service:create_lead:27 - Created lead with id: %s
2026-07-14 23:06:03.230 | INFO     | app.services.lead_service:create_lead:27 - Created lead with id: %s
2026-07-14 23:06:03.232 | INFO     | app.services.lead_service:favorite_lead:101 - Favorited lead with id: %s
2026-07-14 23:06:03.234 | INFO     | app.services.lead_service:list_leads:68 - Listed %s leads with page=%s size=%s
2026-07-14 23:06:03.248 | INFO     | app.services.lead_service:create_lead:27 - Created lead with id: %s
2026-07-14 23:06:03.249 | INFO     | app.services.lead_service:create_lead:27 - Created lead with id: %s
2026-07-14 23:06:03.251 | INFO     | app.services.lead_service:search_leads:84 - Searched leads with term '%s'
2026-07-14 23:06:19.982 | INFO     | app.services.osm_service:search_companies:67 - OSM search completed for %s/%s/%s with %s saved and %s duplicates
2026-07-14 23:06:19.996 | INFO     | app.services.lead_service:create_lead:27 - Created lead with id: %s
2026-07-14 23:06:20.006 | INFO     | app.services.lead_service:create_lead:27 - Created lead with id: %s
2026-07-14 23:06:20.010 | INFO     | app.services.lead_service:update_lead:40 - Updated lead with id: %s
2026-07-14 23:06:20.012 | INFO     | app.services.lead_service:delete_lead:51 - Deleted lead with id: %s
2026-07-14 23:06:20.013 | WARNING  | app.services.lead_service:get_lead:58 - Lead lookup failed for id: %s
2026-07-14 23:06:20.021 | INFO     | app.services.lead_service:create_lead:27 - Created lead with id: %s
2026-07-14 23:06:20.024 | INFO     | app.services.lead_service:create_lead:27 - Created lead with id: %s
2026-07-14 23:06:20.027 | INFO     | app.services.lead_service:favorite_lead:101 - Favorited lead with id: %s
2026-07-14 23:06:20.032 | INFO     | app.services.lead_service:list_leads:68 - Listed %s leads with page=%s size=%s
2026-07-14 23:06:20.049 | INFO     | app.services.lead_service:create_lead:27 - Created lead with id: %s
2026-07-14 23:06:20.051 | INFO     | app.services.lead_service:create_lead:27 - Created lead with id: %s
2026-07-14 23:06:20.054 | INFO     | app.services.lead_service:search_leads:84 - Searched leads with term '%s'
